Archive member included to satisfy reference by file (symbol)

/home/mit/MIT-workspace/Versuch3_Durchfuehrung/libMIT/libMIT.a(mit_parallel_io.o)
                              ./myCode/main.o (MIT_initPorts_Ain_Bout)
/usr/lib/gcc/avr/4.9.2/avr51/libgcc.a(_mulsi3.o)
                              /home/mit/MIT-workspace/Versuch3_Durchfuehrung/libMIT/libMIT.a(mit_parallel_io.o) (__mulsi3)
/usr/lib/gcc/avr/4.9.2/avr51/libgcc.a(_udivmodsi4.o)
                              ./myCode/USART1.o (__udivmodsi4)
/usr/lib/gcc/avr/4.9.2/avr51/libgcc.a(_divmodsi4.o)
                              /home/mit/MIT-workspace/Versuch3_Durchfuehrung/libMIT/libMIT.a(mit_parallel_io.o) (__divmodsi4)
/usr/lib/gcc/avr/4.9.2/avr51/libgcc.a(_negsi2.o)
                              /usr/lib/gcc/avr/4.9.2/avr51/libgcc.a(_divmodsi4.o) (__negsi2)
/usr/lib/gcc/avr/4.9.2/avr51/libgcc.a(_exit.o)
                              /usr/lib/gcc/avr/4.9.2/../../../../avr/lib/avr51/crtm128.o (exit)
/usr/lib/gcc/avr/4.9.2/avr51/libgcc.a(_tablejump2.o)
                              ./myCode/seg7.o (__tablejump2__)
/usr/lib/gcc/avr/4.9.2/avr51/libgcc.a(_copy_data.o)
                              ./myCode/seg7.o (__do_copy_data)
/usr/lib/gcc/avr/4.9.2/avr51/libgcc.a(_clear_bss.o)
                              ./myCode/adc.o (__do_clear_bss)
/usr/lib/gcc/avr/4.9.2/avr51/libgcc.a(_muluhisi3.o)
                              /usr/lib/gcc/avr/4.9.2/avr51/libgcc.a(_mulsi3.o) (__muluhisi3)
/usr/lib/gcc/avr/4.9.2/avr51/libgcc.a(_umulhisi3.o)
                              /usr/lib/gcc/avr/4.9.2/avr51/libgcc.a(_muluhisi3.o) (__umulhisi3)
/usr/lib/gcc/avr/4.9.2/../../../../avr/lib/avr51/libm.a(cmpsf2.o)
                              ./myCode/adc.o (__ltsf2)
/usr/lib/gcc/avr/4.9.2/../../../../avr/lib/avr51/libm.a(divsf3.o)
                              ./myCode/adc.o (__divsf3)
/usr/lib/gcc/avr/4.9.2/../../../../avr/lib/avr51/libm.a(divsf3x.o)
                              /usr/lib/gcc/avr/4.9.2/../../../../avr/lib/avr51/libm.a(divsf3.o) (__divsf3x)
/usr/lib/gcc/avr/4.9.2/../../../../avr/lib/avr51/libm.a(fixunssfsi.o)
                              ./myCode/adc.o (__fixunssfsi)
/usr/lib/gcc/avr/4.9.2/../../../../avr/lib/avr51/libm.a(floatsisf.o)
                              ./myCode/adc.o (__floatunsisf)
/usr/lib/gcc/avr/4.9.2/../../../../avr/lib/avr51/libm.a(fp_cmp.o)
                              /usr/lib/gcc/avr/4.9.2/../../../../avr/lib/avr51/libm.a(cmpsf2.o) (__fp_cmp)
/usr/lib/gcc/avr/4.9.2/../../../../avr/lib/avr51/libm.a(fp_inf.o)
                              /usr/lib/gcc/avr/4.9.2/../../../../avr/lib/avr51/libm.a(divsf3x.o) (__fp_inf)
/usr/lib/gcc/avr/4.9.2/../../../../avr/lib/avr51/libm.a(fp_nan.o)
                              /usr/lib/gcc/avr/4.9.2/../../../../avr/lib/avr51/libm.a(divsf3x.o) (__fp_nan)
/usr/lib/gcc/avr/4.9.2/../../../../avr/lib/avr51/libm.a(fp_pscA.o)
                              /usr/lib/gcc/avr/4.9.2/../../../../avr/lib/avr51/libm.a(divsf3x.o) (__fp_pscA)
/usr/lib/gcc/avr/4.9.2/../../../../avr/lib/avr51/libm.a(fp_pscB.o)
                              /usr/lib/gcc/avr/4.9.2/../../../../avr/lib/avr51/libm.a(divsf3x.o) (__fp_pscB)
/usr/lib/gcc/avr/4.9.2/../../../../avr/lib/avr51/libm.a(fp_round.o)
                              /usr/lib/gcc/avr/4.9.2/../../../../avr/lib/avr51/libm.a(divsf3.o) (__fp_round)
/usr/lib/gcc/avr/4.9.2/../../../../avr/lib/avr51/libm.a(fp_split3.o)
                              /usr/lib/gcc/avr/4.9.2/../../../../avr/lib/avr51/libm.a(divsf3x.o) (__fp_split3)
/usr/lib/gcc/avr/4.9.2/../../../../avr/lib/avr51/libm.a(fp_zero.o)
                              /usr/lib/gcc/avr/4.9.2/../../../../avr/lib/avr51/libm.a(fixunssfsi.o) (__fp_zero)
/usr/lib/gcc/avr/4.9.2/../../../../avr/lib/avr51/libm.a(mulsf3.o)
                              ./myCode/adc.o (__mulsf3)
/usr/lib/gcc/avr/4.9.2/../../../../avr/lib/avr51/libm.a(mulsf3x.o)
                              /usr/lib/gcc/avr/4.9.2/../../../../avr/lib/avr51/libm.a(mulsf3.o) (__mulsf3x)

Allocating common symbols
Common symbol       size              file

gData               0x4               ./myCode/timer.o

Memory Configuration

Name             Origin             Length             Attributes
text             0x0000000000000000 0x0000000000020000 xr
data             0x0000000000800100 0x000000000000ff00 rw !x
eeprom           0x0000000000810000 0x0000000000010000 rw !x
fuse             0x0000000000820000 0x0000000000000400 rw !x
lock             0x0000000000830000 0x0000000000000400 rw !x
signature        0x0000000000840000 0x0000000000000400 rw !x
*default*        0x0000000000000000 0xffffffffffffffff

Linker script and memory map

Address of section .data set to 0x800100
LOAD /usr/lib/gcc/avr/4.9.2/../../../../avr/lib/avr51/crtm128.o
LOAD ./myCode/USART1.o
LOAD ./myCode/adc.o
LOAD ./myCode/main.o
LOAD ./myCode/seg7.o
LOAD ./myCode/timer.o
LOAD /home/mit/MIT-workspace/Versuch3_Durchfuehrung/libMIT/libMIT.a
START GROUP
LOAD /usr/lib/gcc/avr/4.9.2/avr51/libgcc.a
LOAD /usr/lib/gcc/avr/4.9.2/../../../../avr/lib/avr51/libm.a
LOAD /usr/lib/gcc/avr/4.9.2/../../../../avr/lib/avr51/libc.a
END GROUP

.hash
 *(.hash)

.dynsym
 *(.dynsym)

.dynstr
 *(.dynstr)

.gnu.version
 *(.gnu.version)

.gnu.version_d
 *(.gnu.version_d)

.gnu.version_r
 *(.gnu.version_r)

.rel.init
 *(.rel.init)

.rela.init
 *(.rela.init)

.rel.text
 *(.rel.text)
 *(.rel.text.*)
 *(.rel.gnu.linkonce.t*)

.rela.text
 *(.rela.text)
 *(.rela.text.*)
 *(.rela.gnu.linkonce.t*)

.rel.fini
 *(.rel.fini)

.rela.fini
 *(.rela.fini)

.rel.rodata
 *(.rel.rodata)
 *(.rel.rodata.*)
 *(.rel.gnu.linkonce.r*)

.rela.rodata
 *(.rela.rodata)
 *(.rela.rodata.*)
 *(.rela.gnu.linkonce.r*)

.rel.data
 *(.rel.data)
 *(.rel.data.*)
 *(.rel.gnu.linkonce.d*)

.rela.data
 *(.rela.data)
 *(.rela.data.*)
 *(.rela.gnu.linkonce.d*)

.rel.ctors
 *(.rel.ctors)

.rela.ctors
 *(.rela.ctors)

.rel.dtors
 *(.rel.dtors)

.rela.dtors
 *(.rela.dtors)

.rel.got
 *(.rel.got)

.rela.got
 *(.rela.got)

.rel.bss
 *(.rel.bss)

.rela.bss
 *(.rela.bss)

.rel.plt
 *(.rel.plt)

.rela.plt
 *(.rela.plt)

.text           0x0000000000000000     0x16c0
 *(.vectors)
 .vectors       0x0000000000000000       0x8c /usr/lib/gcc/avr/4.9.2/../../../../avr/lib/avr51/crtm128.o
                0x0000000000000000                __vectors
                0x0000000000000000                __vector_default
 *(.vectors)
 *(.progmem.gcc*)
 .progmem.gcc_sw_table.initPort
                0x000000000000008c        0xe ./myCode/seg7.o
 .progmem.gcc_sw_table.putByte
                0x000000000000009a        0xe ./myCode/seg7.o
                0x00000000000000a8                . = ALIGN (0x2)
                0x00000000000000a8                __trampolines_start = .
 *(.trampolines)
 .trampolines   0x00000000000000a8        0x0 linker stubs
 *(.trampolines*)
                0x00000000000000a8                __trampolines_end = .
 *(.progmem*)
                0x00000000000000a8                . = ALIGN (0x2)
 *(.jumptables)
 *(.jumptables*)
 *(.lowtext)
 *(.lowtext*)
                0x00000000000000a8                __ctors_start = .
 *(.ctors)
                0x00000000000000a8                __ctors_end = .
                0x00000000000000a8                __dtors_start = .
 *(.dtors)
                0x00000000000000a8                __dtors_end = .
 SORT(*)(.ctors)
 SORT(*)(.dtors)
 *(.init0)
 .init0         0x00000000000000a8        0x0 /usr/lib/gcc/avr/4.9.2/../../../../avr/lib/avr51/crtm128.o
                0x00000000000000a8                __init
 *(.init0)
 *(.init1)
 *(.init1)
 *(.init2)
 .init2         0x00000000000000a8        0xc /usr/lib/gcc/avr/4.9.2/../../../../avr/lib/avr51/crtm128.o
 *(.init2)
 *(.init3)
 *(.init3)
 *(.init4)
 .init4         0x00000000000000b4       0x1a /usr/lib/gcc/avr/4.9.2/avr51/libgcc.a(_copy_data.o)
                0x00000000000000b4                __do_copy_data
 .init4         0x00000000000000ce       0x10 /usr/lib/gcc/avr/4.9.2/avr51/libgcc.a(_clear_bss.o)
                0x00000000000000ce                __do_clear_bss
 *(.init4)
 *(.init5)
 *(.init5)
 *(.init6)
 *(.init6)
 *(.init7)
 *(.init7)
 *(.init8)
 *(.init8)
 *(.init9)
 .init9         0x00000000000000de        0x8 /usr/lib/gcc/avr/4.9.2/../../../../avr/lib/avr51/crtm128.o
 *(.init9)
 *(.text)
 .text          0x00000000000000e6        0x4 /usr/lib/gcc/avr/4.9.2/../../../../avr/lib/avr51/crtm128.o
                0x00000000000000e6                __vector_22
                0x00000000000000e6                __vector_28
                0x00000000000000e6                __vector_1
                0x00000000000000e6                __vector_32
                0x00000000000000e6                __vector_34
                0x00000000000000e6                __vector_24
                0x00000000000000e6                __vector_12
                0x00000000000000e6                __bad_interrupt
                0x00000000000000e6                __vector_6
                0x00000000000000e6                __vector_31
                0x00000000000000e6                __vector_3
                0x00000000000000e6                __vector_23
                0x00000000000000e6                __vector_30
                0x00000000000000e6                __vector_25
                0x00000000000000e6                __vector_11
                0x00000000000000e6                __vector_13
                0x00000000000000e6                __vector_17
                0x00000000000000e6                __vector_19
                0x00000000000000e6                __vector_7
                0x00000000000000e6                __vector_27
                0x00000000000000e6                __vector_5
                0x00000000000000e6                __vector_33
                0x00000000000000e6                __vector_4
                0x00000000000000e6                __vector_9
                0x00000000000000e6                __vector_2
                0x00000000000000e6                __vector_29
                0x00000000000000e6                __vector_8
                0x00000000000000e6                __vector_26
                0x00000000000000e6                __vector_14
                0x00000000000000e6                __vector_10
                0x00000000000000e6                __vector_18
                0x00000000000000e6                __vector_20
 .text          0x00000000000000ea        0x0 ./myCode/USART1.o
 .text          0x00000000000000ea        0x0 ./myCode/adc.o
 .text          0x00000000000000ea        0x0 ./myCode/main.o
 .text          0x00000000000000ea        0x0 ./myCode/seg7.o
 .text          0x00000000000000ea        0x0 ./myCode/timer.o
 .text          0x00000000000000ea      0x480 /home/mit/MIT-workspace/Versuch3_Durchfuehrung/libMIT/libMIT.a(mit_parallel_io.o)
                0x00000000000000ea                MIT_initPort
                0x0000000000000136                _MIT_getPPortAdrIn
                0x000000000000018a                MIT_initPorts_Ain_Bout
                0x0000000000000196                MIT_wait4key
                0x00000000000001fe                MIT_wait4key_A
                0x0000000000000222                MIT_look4key
                0x0000000000000292                MIT_look4key_A
                0x00000000000002ba                MIT_putByteLED_B
                0x00000000000002c0                MIT_putByte
                0x00000000000002e6                MIT_getKeyNum
                0x0000000000000302                MIT_changeBit
                0x000000000000032a                MIT_power10
                0x0000000000000396                MIT_long2bar
                0x000000000000048c                MIT_ulong2bcd_unpk
                0x00000000000004c8                MIT_ulong2bcd_pk
                0x0000000000000544                MIT_num2Seg7
 .text          0x000000000000056a        0x0 /usr/lib/gcc/avr/4.9.2/avr51/libgcc.a(_mulsi3.o)
 .text          0x000000000000056a        0x0 /usr/lib/gcc/avr/4.9.2/avr51/libgcc.a(_udivmodsi4.o)
 .text          0x000000000000056a        0x0 /usr/lib/gcc/avr/4.9.2/avr51/libgcc.a(_divmodsi4.o)
 .text          0x000000000000056a        0x0 /usr/lib/gcc/avr/4.9.2/avr51/libgcc.a(_negsi2.o)
 .text          0x000000000000056a        0x0 /usr/lib/gcc/avr/4.9.2/avr51/libgcc.a(_exit.o)
 .text          0x000000000000056a        0x0 /usr/lib/gcc/avr/4.9.2/avr51/libgcc.a(_tablejump2.o)
 .text          0x000000000000056a        0x0 /usr/lib/gcc/avr/4.9.2/avr51/libgcc.a(_copy_data.o)
 .text          0x000000000000056a        0x0 /usr/lib/gcc/avr/4.9.2/avr51/libgcc.a(_clear_bss.o)
 .text          0x000000000000056a        0x0 /usr/lib/gcc/avr/4.9.2/avr51/libgcc.a(_muluhisi3.o)
 .text          0x000000000000056a        0x0 /usr/lib/gcc/avr/4.9.2/avr51/libgcc.a(_umulhisi3.o)
 .text          0x000000000000056a        0x0 /usr/lib/gcc/avr/4.9.2/../../../../avr/lib/avr51/libm.a(cmpsf2.o)
 .text          0x000000000000056a        0x0 /usr/lib/gcc/avr/4.9.2/../../../../avr/lib/avr51/libm.a(divsf3.o)
 .text          0x000000000000056a        0x0 /usr/lib/gcc/avr/4.9.2/../../../../avr/lib/avr51/libm.a(divsf3x.o)
 .text          0x000000000000056a        0x0 /usr/lib/gcc/avr/4.9.2/../../../../avr/lib/avr51/libm.a(fixunssfsi.o)
 .text          0x000000000000056a        0x0 /usr/lib/gcc/avr/4.9.2/../../../../avr/lib/avr51/libm.a(floatsisf.o)
 .text          0x000000000000056a        0x0 /usr/lib/gcc/avr/4.9.2/../../../../avr/lib/avr51/libm.a(fp_cmp.o)
 .text          0x000000000000056a        0x0 /usr/lib/gcc/avr/4.9.2/../../../../avr/lib/avr51/libm.a(fp_inf.o)
 .text          0x000000000000056a        0x0 /usr/lib/gcc/avr/4.9.2/../../../../avr/lib/avr51/libm.a(fp_nan.o)
 .text          0x000000000000056a        0x0 /usr/lib/gcc/avr/4.9.2/../../../../avr/lib/avr51/libm.a(fp_pscA.o)
 .text          0x000000000000056a        0x0 /usr/lib/gcc/avr/4.9.2/../../../../avr/lib/avr51/libm.a(fp_pscB.o)
 .text          0x000000000000056a        0x0 /usr/lib/gcc/avr/4.9.2/../../../../avr/lib/avr51/libm.a(fp_round.o)
 .text          0x000000000000056a        0x0 /usr/lib/gcc/avr/4.9.2/../../../../avr/lib/avr51/libm.a(fp_split3.o)
 .text          0x000000000000056a        0x0 /usr/lib/gcc/avr/4.9.2/../../../../avr/lib/avr51/libm.a(fp_zero.o)
 .text          0x000000000000056a        0x0 /usr/lib/gcc/avr/4.9.2/../../../../avr/lib/avr51/libm.a(mulsf3.o)
 .text          0x000000000000056a        0x0 /usr/lib/gcc/avr/4.9.2/../../../../avr/lib/avr51/libm.a(mulsf3x.o)
                0x000000000000056a                . = ALIGN (0x2)
 *(.text.*)
 .text.init_USART1
                0x000000000000056a       0xca ./myCode/USART1.o
                0x000000000000056a                init_USART1
 .text.putc_USART1
                0x0000000000000634       0x4e ./myCode/USART1.o
                0x0000000000000634                putc_USART1
 .text.getc_USART1
                0x0000000000000682       0x2c ./myCode/USART1.o
                0x0000000000000682                getc_USART1
 .text.lookc_USART1
                0x00000000000006ae       0x2e ./myCode/USART1.o
                0x00000000000006ae                lookc_USART1
 .text.puts_USART1
                0x00000000000006dc       0x3c ./myCode/USART1.o
                0x00000000000006dc                puts_USART1
 .text.ascii2num
                0x0000000000000718       0x1c ./myCode/USART1.o
                0x0000000000000718                ascii2num
 .text.num2ascii
                0x0000000000000734       0x1c ./myCode/USART1.o
                0x0000000000000734                num2ascii
 .text.init_ADC_INT
                0x0000000000000750       0x24 ./myCode/adc.o
                0x0000000000000750                init_ADC_INT
 .text.__vector_21
                0x0000000000000774       0x52 ./myCode/adc.o
                0x0000000000000774                __vector_21
 .text.init_ADC
                0x00000000000007c6       0x44 ./myCode/adc.o
                0x00000000000007c6                init_ADC
 .text.start_ADC
                0x000000000000080a       0x74 ./myCode/adc.o
                0x000000000000080a                start_ADC
 .text.stop_ADC
                0x000000000000087e       0x20 ./myCode/adc.o
                0x000000000000087e                stop_ADC
 .text.wait_ADC
                0x000000000000089e       0x36 ./myCode/adc.o
                0x000000000000089e                wait_ADC
 .text.read_ADC
                0x00000000000008d4       0x76 ./myCode/adc.o
                0x00000000000008d4                read_ADC
 .text.ulong2bcd_unpk
                0x000000000000094a       0xde ./myCode/adc.o
                0x000000000000094a                ulong2bcd_unpk
 .text.ulong2bcd_pk
                0x0000000000000a28       0xe6 ./myCode/adc.o
                0x0000000000000a28                ulong2bcd_pk
 .text.ushort2Volt
                0x0000000000000b0e       0xe4 ./myCode/adc.o
                0x0000000000000b0e                ushort2Volt
 .text.main_V01
                0x0000000000000bf2       0x1c ./myCode/main.o
                0x0000000000000bf2                main_V01
 .text.main_V02
                0x0000000000000c0e       0x2c ./myCode/main.o
                0x0000000000000c0e                main_V02
 .text.main_V03
                0x0000000000000c3a       0x58 ./myCode/main.o
                0x0000000000000c3a                main_V03
 .text.main_V04
                0x0000000000000c92       0x22 ./myCode/main.o
                0x0000000000000c92                main_V04
 .text.main     0x0000000000000cb4       0x16 ./myCode/main.o
                0x0000000000000cb4                main
 .text.initPort
                0x0000000000000cca      0x110 ./myCode/seg7.o
                0x0000000000000cca                initPort
 .text.putByte  0x0000000000000dda       0xe4 ./myCode/seg7.o
                0x0000000000000dda                putByte
 .text.num2Seg7
                0x0000000000000ebe       0x82 ./myCode/seg7.o
                0x0000000000000ebe                num2Seg7
 .text.init_Timer0_INT
                0x0000000000000f40       0x4c ./myCode/timer.o
                0x0000000000000f40                init_Timer0_INT
 .text.__vector_16
                0x0000000000000f8c       0xe6 ./myCode/timer.o
                0x0000000000000f8c                __vector_16
 .text.__vector_15
                0x0000000000001072       0xbe ./myCode/timer.o
                0x0000000000001072                __vector_15
 .text.init_Timer0
                0x0000000000001130       0x40 ./myCode/timer.o
                0x0000000000001130                init_Timer0
 .text.start_Timer0
                0x0000000000001170       0x4c ./myCode/timer.o
                0x0000000000001170                start_Timer0
 .text.stop_Timer0
                0x00000000000011bc       0x20 ./myCode/timer.o
                0x00000000000011bc                stop_Timer0
 .text.clear_Timer0
                0x00000000000011dc       0x16 ./myCode/timer.o
                0x00000000000011dc                clear_Timer0
 .text.wait_Timer0
                0x00000000000011f2       0x6a ./myCode/timer.o
                0x00000000000011f2                wait_Timer0
 .text.setOCRval_Timer0
                0x000000000000125c       0x1e ./myCode/timer.o
                0x000000000000125c                setOCRval_Timer0
 .text.libgcc.mul
                0x000000000000127a       0x20 /usr/lib/gcc/avr/4.9.2/avr51/libgcc.a(_mulsi3.o)
                0x000000000000127a                __mulsi3
 .text.libgcc.div
                0x000000000000129a        0x0 /usr/lib/gcc/avr/4.9.2/avr51/libgcc.a(_mulsi3.o)
 .text.libgcc   0x000000000000129a        0x0 /usr/lib/gcc/avr/4.9.2/avr51/libgcc.a(_mulsi3.o)
 .text.libgcc.prologue
                0x000000000000129a        0x0 /usr/lib/gcc/avr/4.9.2/avr51/libgcc.a(_mulsi3.o)
 .text.libgcc.builtins
                0x000000000000129a        0x0 /usr/lib/gcc/avr/4.9.2/avr51/libgcc.a(_mulsi3.o)
 .text.libgcc.fmul
                0x000000000000129a        0x0 /usr/lib/gcc/avr/4.9.2/avr51/libgcc.a(_mulsi3.o)
 .text.libgcc.fixed
                0x000000000000129a        0x0 /usr/lib/gcc/avr/4.9.2/avr51/libgcc.a(_mulsi3.o)
 .text.libgcc.mul
                0x000000000000129a        0x0 /usr/lib/gcc/avr/4.9.2/avr51/libgcc.a(_udivmodsi4.o)
 .text.libgcc.div
                0x000000000000129a       0x44 /usr/lib/gcc/avr/4.9.2/avr51/libgcc.a(_udivmodsi4.o)
                0x000000000000129a                __udivmodsi4
 .text.libgcc   0x00000000000012de        0x0 /usr/lib/gcc/avr/4.9.2/avr51/libgcc.a(_udivmodsi4.o)
 .text.libgcc.prologue
                0x00000000000012de        0x0 /usr/lib/gcc/avr/4.9.2/avr51/libgcc.a(_udivmodsi4.o)
 .text.libgcc.builtins
                0x00000000000012de        0x0 /usr/lib/gcc/avr/4.9.2/avr51/libgcc.a(_udivmodsi4.o)
 .text.libgcc.fmul
                0x00000000000012de        0x0 /usr/lib/gcc/avr/4.9.2/avr51/libgcc.a(_udivmodsi4.o)
 .text.libgcc.fixed
                0x00000000000012de        0x0 /usr/lib/gcc/avr/4.9.2/avr51/libgcc.a(_udivmodsi4.o)
 .text.libgcc.mul
                0x00000000000012de        0x0 /usr/lib/gcc/avr/4.9.2/avr51/libgcc.a(_divmodsi4.o)
 .text.libgcc.div
                0x00000000000012de       0x2e /usr/lib/gcc/avr/4.9.2/avr51/libgcc.a(_divmodsi4.o)
                0x00000000000012de                __divmodsi4
 .text.libgcc   0x000000000000130c        0x0 /usr/lib/gcc/avr/4.9.2/avr51/libgcc.a(_divmodsi4.o)
 .text.libgcc.prologue
                0x000000000000130c        0x0 /usr/lib/gcc/avr/4.9.2/avr51/libgcc.a(_divmodsi4.o)
 .text.libgcc.builtins
                0x000000000000130c        0x0 /usr/lib/gcc/avr/4.9.2/avr51/libgcc.a(_divmodsi4.o)
 .text.libgcc.fmul
                0x000000000000130c        0x0 /usr/lib/gcc/avr/4.9.2/avr51/libgcc.a(_divmodsi4.o)
 .text.libgcc.fixed
                0x000000000000130c        0x0 /usr/lib/gcc/avr/4.9.2/avr51/libgcc.a(_divmodsi4.o)
 .text.libgcc.mul
                0x000000000000130c        0x0 /usr/lib/gcc/avr/4.9.2/avr51/libgcc.a(_negsi2.o)
 .text.libgcc.div
                0x000000000000130c       0x10 /usr/lib/gcc/avr/4.9.2/avr51/libgcc.a(_negsi2.o)
                0x000000000000130c                __negsi2
 .text.libgcc   0x000000000000131c        0x0 /usr/lib/gcc/avr/4.9.2/avr51/libgcc.a(_negsi2.o)
 .text.libgcc.prologue
                0x000000000000131c        0x0 /usr/lib/gcc/avr/4.9.2/avr51/libgcc.a(_negsi2.o)
 .text.libgcc.builtins
                0x000000000000131c        0x0 /usr/lib/gcc/avr/4.9.2/avr51/libgcc.a(_negsi2.o)
 .text.libgcc.fmul
                0x000000000000131c        0x0 /usr/lib/gcc/avr/4.9.2/avr51/libgcc.a(_negsi2.o)
 .text.libgcc.fixed
                0x000000000000131c        0x0 /usr/lib/gcc/avr/4.9.2/avr51/libgcc.a(_negsi2.o)
 .text.libgcc.mul
                0x000000000000131c        0x0 /usr/lib/gcc/avr/4.9.2/avr51/libgcc.a(_exit.o)
 .text.libgcc.div
                0x000000000000131c        0x0 /usr/lib/gcc/avr/4.9.2/avr51/libgcc.a(_exit.o)
 .text.libgcc   0x000000000000131c        0x0 /usr/lib/gcc/avr/4.9.2/avr51/libgcc.a(_exit.o)
 .text.libgcc.prologue
                0x000000000000131c        0x0 /usr/lib/gcc/avr/4.9.2/avr51/libgcc.a(_exit.o)
 .text.libgcc.builtins
                0x000000000000131c        0x0 /usr/lib/gcc/avr/4.9.2/avr51/libgcc.a(_exit.o)
 .text.libgcc.fmul
                0x000000000000131c        0x0 /usr/lib/gcc/avr/4.9.2/avr51/libgcc.a(_exit.o)
 .text.libgcc.fixed
                0x000000000000131c        0x0 /usr/lib/gcc/avr/4.9.2/avr51/libgcc.a(_exit.o)
 .text.libgcc.mul
                0x000000000000131c        0x0 /usr/lib/gcc/avr/4.9.2/avr51/libgcc.a(_tablejump2.o)
 .text.libgcc.div
                0x000000000000131c        0x0 /usr/lib/gcc/avr/4.9.2/avr51/libgcc.a(_tablejump2.o)
 .text.libgcc   0x000000000000131c       0x12 /usr/lib/gcc/avr/4.9.2/avr51/libgcc.a(_tablejump2.o)
                0x000000000000131c                __tablejump2__
 .text.libgcc.prologue
                0x000000000000132e        0x0 /usr/lib/gcc/avr/4.9.2/avr51/libgcc.a(_tablejump2.o)
 .text.libgcc.builtins
                0x000000000000132e        0x0 /usr/lib/gcc/avr/4.9.2/avr51/libgcc.a(_tablejump2.o)
 .text.libgcc.fmul
                0x000000000000132e        0x0 /usr/lib/gcc/avr/4.9.2/avr51/libgcc.a(_tablejump2.o)
 .text.libgcc.fixed
                0x000000000000132e        0x0 /usr/lib/gcc/avr/4.9.2/avr51/libgcc.a(_tablejump2.o)
 .text.libgcc.mul
                0x000000000000132e        0x0 /usr/lib/gcc/avr/4.9.2/avr51/libgcc.a(_copy_data.o)
 .text.libgcc.div
                0x000000000000132e        0x0 /usr/lib/gcc/avr/4.9.2/avr51/libgcc.a(_copy_data.o)
 .text.libgcc   0x000000000000132e        0x0 /usr/lib/gcc/avr/4.9.2/avr51/libgcc.a(_copy_data.o)
 .text.libgcc.prologue
                0x000000000000132e        0x0 /usr/lib/gcc/avr/4.9.2/avr51/libgcc.a(_copy_data.o)
 .text.libgcc.builtins
                0x000000000000132e        0x0 /usr/lib/gcc/avr/4.9.2/avr51/libgcc.a(_copy_data.o)
 .text.libgcc.fmul
                0x000000000000132e        0x0 /usr/lib/gcc/avr/4.9.2/avr51/libgcc.a(_copy_data.o)
 .text.libgcc.fixed
                0x000000000000132e        0x0 /usr/lib/gcc/avr/4.9.2/avr51/libgcc.a(_copy_data.o)
 .text.libgcc.mul
                0x000000000000132e        0x0 /usr/lib/gcc/avr/4.9.2/avr51/libgcc.a(_clear_bss.o)
 .text.libgcc.div
                0x000000000000132e        0x0 /usr/lib/gcc/avr/4.9.2/avr51/libgcc.a(_clear_bss.o)
 .text.libgcc   0x000000000000132e        0x0 /usr/lib/gcc/avr/4.9.2/avr51/libgcc.a(_clear_bss.o)
 .text.libgcc.prologue
                0x000000000000132e        0x0 /usr/lib/gcc/avr/4.9.2/avr51/libgcc.a(_clear_bss.o)
 .text.libgcc.builtins
                0x000000000000132e        0x0 /usr/lib/gcc/avr/4.9.2/avr51/libgcc.a(_clear_bss.o)
 .text.libgcc.fmul
                0x000000000000132e        0x0 /usr/lib/gcc/avr/4.9.2/avr51/libgcc.a(_clear_bss.o)
 .text.libgcc.fixed
                0x000000000000132e        0x0 /usr/lib/gcc/avr/4.9.2/avr51/libgcc.a(_clear_bss.o)
 .text.libgcc.mul
                0x000000000000132e       0x16 /usr/lib/gcc/avr/4.9.2/avr51/libgcc.a(_muluhisi3.o)
                0x000000000000132e                __muluhisi3
 .text.libgcc.div
                0x0000000000001344        0x0 /usr/lib/gcc/avr/4.9.2/avr51/libgcc.a(_muluhisi3.o)
 .text.libgcc   0x0000000000001344        0x0 /usr/lib/gcc/avr/4.9.2/avr51/libgcc.a(_muluhisi3.o)
 .text.libgcc.prologue
                0x0000000000001344        0x0 /usr/lib/gcc/avr/4.9.2/avr51/libgcc.a(_muluhisi3.o)
 .text.libgcc.builtins
                0x0000000000001344        0x0 /usr/lib/gcc/avr/4.9.2/avr51/libgcc.a(_muluhisi3.o)
 .text.libgcc.fmul
                0x0000000000001344        0x0 /usr/lib/gcc/avr/4.9.2/avr51/libgcc.a(_muluhisi3.o)
 .text.libgcc.fixed
                0x0000000000001344        0x0 /usr/lib/gcc/avr/4.9.2/avr51/libgcc.a(_muluhisi3.o)
 .text.libgcc.mul
                0x0000000000001344       0x1e /usr/lib/gcc/avr/4.9.2/avr51/libgcc.a(_umulhisi3.o)
                0x0000000000001344                __umulhisi3
 .text.libgcc.div
                0x0000000000001362        0x0 /usr/lib/gcc/avr/4.9.2/avr51/libgcc.a(_umulhisi3.o)
 .text.libgcc   0x0000000000001362        0x0 /usr/lib/gcc/avr/4.9.2/avr51/libgcc.a(_umulhisi3.o)
 .text.libgcc.prologue
                0x0000000000001362        0x0 /usr/lib/gcc/avr/4.9.2/avr51/libgcc.a(_umulhisi3.o)
 .text.libgcc.builtins
                0x0000000000001362        0x0 /usr/lib/gcc/avr/4.9.2/avr51/libgcc.a(_umulhisi3.o)
 .text.libgcc.fmul
                0x0000000000001362        0x0 /usr/lib/gcc/avr/4.9.2/avr51/libgcc.a(_umulhisi3.o)
 .text.libgcc.fixed
                0x0000000000001362        0x0 /usr/lib/gcc/avr/4.9.2/avr51/libgcc.a(_umulhisi3.o)
 .text.avr-libc.fplib
                0x0000000000001362        0x8 /usr/lib/gcc/avr/4.9.2/../../../../avr/lib/avr51/libm.a(cmpsf2.o)
                0x0000000000001362                __lesf2
                0x0000000000001362                __nesf2
                0x0000000000001362                __eqsf2
                0x0000000000001362                __cmpsf2
                0x0000000000001362                __ltsf2
 .text.avr-libc.fplib
                0x000000000000136a        0x4 /usr/lib/gcc/avr/4.9.2/../../../../avr/lib/avr51/libm.a(divsf3.o)
                0x000000000000136a                __divsf3
 .text.avr-libc.fplib
                0x000000000000136e       0xcc /usr/lib/gcc/avr/4.9.2/../../../../avr/lib/avr51/libm.a(divsf3x.o)
                0x0000000000001384                __divsf3x
                0x0000000000001388                __divsf3_pse
 .text.avr-libc.fplib
                0x000000000000143a       0x58 /usr/lib/gcc/avr/4.9.2/../../../../avr/lib/avr51/libm.a(fixunssfsi.o)
                0x000000000000143a                __fixunssfsi
 .text.avr-libc.fplib
                0x0000000000001492       0x7a /usr/lib/gcc/avr/4.9.2/../../../../avr/lib/avr51/libm.a(floatsisf.o)
                0x0000000000001492                __floatunsisf
                0x0000000000001496                __floatsisf
 .text.avr-libc.fplib
                0x000000000000150c       0x48 /usr/lib/gcc/avr/4.9.2/../../../../avr/lib/avr51/libm.a(fp_cmp.o)
                0x000000000000150c                __fp_cmp
 .text.avr-libc.fplib
                0x0000000000001554        0xc /usr/lib/gcc/avr/4.9.2/../../../../avr/lib/avr51/libm.a(fp_inf.o)
                0x0000000000001554                __fp_inf
 .text.avr-libc.fplib
                0x0000000000001560        0x6 /usr/lib/gcc/avr/4.9.2/../../../../avr/lib/avr51/libm.a(fp_nan.o)
                0x0000000000001560                __fp_nan
 .text.avr-libc.fplib
                0x0000000000001566        0xe /usr/lib/gcc/avr/4.9.2/../../../../avr/lib/avr51/libm.a(fp_pscA.o)
                0x0000000000001566                __fp_pscA
 .text.avr-libc.fplib
                0x0000000000001574        0xe /usr/lib/gcc/avr/4.9.2/../../../../avr/lib/avr51/libm.a(fp_pscB.o)
                0x0000000000001574                __fp_pscB
 .text.avr-libc.fplib
                0x0000000000001582       0x22 /usr/lib/gcc/avr/4.9.2/../../../../avr/lib/avr51/libm.a(fp_round.o)
                0x0000000000001582                __fp_round
 .text.avr-libc.fplib
                0x00000000000015a4       0x44 /usr/lib/gcc/avr/4.9.2/../../../../avr/lib/avr51/libm.a(fp_split3.o)
                0x00000000000015a4                __fp_split3
                0x00000000000015b4                __fp_splitA
 .text.avr-libc.fplib
                0x00000000000015e8        0xe /usr/lib/gcc/avr/4.9.2/../../../../avr/lib/avr51/libm.a(fp_zero.o)
                0x00000000000015e8                __fp_zero
                0x00000000000015ea                __fp_szero
 .text.avr-libc.fplib
                0x00000000000015f6        0x4 /usr/lib/gcc/avr/4.9.2/../../../../avr/lib/avr51/libm.a(mulsf3.o)
                0x00000000000015f6                __mulsf3
 .text.avr-libc.fplib
                0x00000000000015fa       0xc2 /usr/lib/gcc/avr/4.9.2/../../../../avr/lib/avr51/libm.a(mulsf3x.o)
                0x000000000000160e                __mulsf3x
                0x0000000000001612                __mulsf3_pse
                0x00000000000016bc                . = ALIGN (0x2)
 *(.fini9)
 .fini9         0x00000000000016bc        0x0 /usr/lib/gcc/avr/4.9.2/avr51/libgcc.a(_exit.o)
                0x00000000000016bc                exit
                0x00000000000016bc                _exit
 *(.fini9)
 *(.fini8)
 *(.fini8)
 *(.fini7)
 *(.fini7)
 *(.fini6)
 *(.fini6)
 *(.fini5)
 *(.fini5)
 *(.fini4)
 *(.fini4)
 *(.fini3)
 *(.fini3)
 *(.fini2)
 *(.fini2)
 *(.fini1)
 *(.fini1)
 *(.fini0)
 .fini0         0x00000000000016bc        0x4 /usr/lib/gcc/avr/4.9.2/avr51/libgcc.a(_exit.o)
 *(.fini0)
                0x00000000000016c0                _etext = .

.data           0x0000000000800100       0x40 load address 0x00000000000016c0
                0x0000000000800100                PROVIDE (__data_start, .)
 *(.data)
 .data          0x0000000000800100        0x0 /usr/lib/gcc/avr/4.9.2/../../../../avr/lib/avr51/crtm128.o
 .data          0x0000000000800100        0x0 ./myCode/USART1.o
 .data          0x0000000000800100        0x0 ./myCode/adc.o
 .data          0x0000000000800100        0x0 ./myCode/main.o
 .data          0x0000000000800100        0x0 ./myCode/seg7.o
 .data          0x0000000000800100        0x0 ./myCode/timer.o
 .data          0x0000000000800100       0x34 /home/mit/MIT-workspace/Versuch3_Durchfuehrung/libMIT/libMIT.a(mit_parallel_io.o)
                0x0000000000800100                pat
 .data          0x0000000000800134        0x0 /usr/lib/gcc/avr/4.9.2/avr51/libgcc.a(_mulsi3.o)
 .data          0x0000000000800134        0x0 /usr/lib/gcc/avr/4.9.2/avr51/libgcc.a(_udivmodsi4.o)
 .data          0x0000000000800134        0x0 /usr/lib/gcc/avr/4.9.2/avr51/libgcc.a(_divmodsi4.o)
 .data          0x0000000000800134        0x0 /usr/lib/gcc/avr/4.9.2/avr51/libgcc.a(_negsi2.o)
 .data          0x0000000000800134        0x0 /usr/lib/gcc/avr/4.9.2/avr51/libgcc.a(_exit.o)
 .data          0x0000000000800134        0x0 /usr/lib/gcc/avr/4.9.2/avr51/libgcc.a(_tablejump2.o)
 .data          0x0000000000800134        0x0 /usr/lib/gcc/avr/4.9.2/avr51/libgcc.a(_copy_data.o)
 .data          0x0000000000800134        0x0 /usr/lib/gcc/avr/4.9.2/avr51/libgcc.a(_clear_bss.o)
 .data          0x0000000000800134        0x0 /usr/lib/gcc/avr/4.9.2/avr51/libgcc.a(_muluhisi3.o)
 .data          0x0000000000800134        0x0 /usr/lib/gcc/avr/4.9.2/avr51/libgcc.a(_umulhisi3.o)
 .data          0x0000000000800134        0x0 /usr/lib/gcc/avr/4.9.2/../../../../avr/lib/avr51/libm.a(cmpsf2.o)
 .data          0x0000000000800134        0x0 /usr/lib/gcc/avr/4.9.2/../../../../avr/lib/avr51/libm.a(divsf3.o)
 .data          0x0000000000800134        0x0 /usr/lib/gcc/avr/4.9.2/../../../../avr/lib/avr51/libm.a(divsf3x.o)
 .data          0x0000000000800134        0x0 /usr/lib/gcc/avr/4.9.2/../../../../avr/lib/avr51/libm.a(fixunssfsi.o)
 .data          0x0000000000800134        0x0 /usr/lib/gcc/avr/4.9.2/../../../../avr/lib/avr51/libm.a(floatsisf.o)
 .data          0x0000000000800134        0x0 /usr/lib/gcc/avr/4.9.2/../../../../avr/lib/avr51/libm.a(fp_cmp.o)
 .data          0x0000000000800134        0x0 /usr/lib/gcc/avr/4.9.2/../../../../avr/lib/avr51/libm.a(fp_inf.o)
 .data          0x0000000000800134        0x0 /usr/lib/gcc/avr/4.9.2/../../../../avr/lib/avr51/libm.a(fp_nan.o)
 .data          0x0000000000800134        0x0 /usr/lib/gcc/avr/4.9.2/../../../../avr/lib/avr51/libm.a(fp_pscA.o)
 .data          0x0000000000800134        0x0 /usr/lib/gcc/avr/4.9.2/../../../../avr/lib/avr51/libm.a(fp_pscB.o)
 .data          0x0000000000800134        0x0 /usr/lib/gcc/avr/4.9.2/../../../../avr/lib/avr51/libm.a(fp_round.o)
 .data          0x0000000000800134        0x0 /usr/lib/gcc/avr/4.9.2/../../../../avr/lib/avr51/libm.a(fp_split3.o)
 .data          0x0000000000800134        0x0 /usr/lib/gcc/avr/4.9.2/../../../../avr/lib/avr51/libm.a(fp_zero.o)
 .data          0x0000000000800134        0x0 /usr/lib/gcc/avr/4.9.2/../../../../avr/lib/avr51/libm.a(mulsf3.o)
 .data          0x0000000000800134        0x0 /usr/lib/gcc/avr/4.9.2/../../../../avr/lib/avr51/libm.a(mulsf3x.o)
 *(.data*)
 .data.CTRLval.1589
                0x0000000000800134        0x2 ./myCode/timer.o
 *(.rodata)
 .rodata        0x0000000000800136        0xa ./myCode/seg7.o
 *(.rodata*)
 *(.gnu.linkonce.d*)
                0x0000000000800140                . = ALIGN (0x2)
                0x0000000000800140                _edata = .
                0x0000000000800140                PROVIDE (__data_end, .)

.bss            0x0000000000800140        0xd
                0x0000000000800140                PROVIDE (__bss_start, .)
 *(.bss)
 .bss           0x0000000000800140        0x0 /usr/lib/gcc/avr/4.9.2/../../../../avr/lib/avr51/crtm128.o
 .bss           0x0000000000800140        0x0 ./myCode/USART1.o
 .bss           0x0000000000800140        0x0 ./myCode/adc.o
 .bss           0x0000000000800140        0x0 ./myCode/main.o
 .bss           0x0000000000800140        0x0 ./myCode/seg7.o
 .bss           0x0000000000800140        0x0 ./myCode/timer.o
 .bss           0x0000000000800140        0x0 /home/mit/MIT-workspace/Versuch3_Durchfuehrung/libMIT/libMIT.a(mit_parallel_io.o)
 .bss           0x0000000000800140        0x0 /usr/lib/gcc/avr/4.9.2/avr51/libgcc.a(_mulsi3.o)
 .bss           0x0000000000800140        0x0 /usr/lib/gcc/avr/4.9.2/avr51/libgcc.a(_udivmodsi4.o)
 .bss           0x0000000000800140        0x0 /usr/lib/gcc/avr/4.9.2/avr51/libgcc.a(_divmodsi4.o)
 .bss           0x0000000000800140        0x0 /usr/lib/gcc/avr/4.9.2/avr51/libgcc.a(_negsi2.o)
 .bss           0x0000000000800140        0x0 /usr/lib/gcc/avr/4.9.2/avr51/libgcc.a(_exit.o)
 .bss           0x0000000000800140        0x0 /usr/lib/gcc/avr/4.9.2/avr51/libgcc.a(_tablejump2.o)
 .bss           0x0000000000800140        0x0 /usr/lib/gcc/avr/4.9.2/avr51/libgcc.a(_copy_data.o)
 .bss           0x0000000000800140        0x0 /usr/lib/gcc/avr/4.9.2/avr51/libgcc.a(_clear_bss.o)
 .bss           0x0000000000800140        0x0 /usr/lib/gcc/avr/4.9.2/avr51/libgcc.a(_muluhisi3.o)
 .bss           0x0000000000800140        0x0 /usr/lib/gcc/avr/4.9.2/avr51/libgcc.a(_umulhisi3.o)
 .bss           0x0000000000800140        0x0 /usr/lib/gcc/avr/4.9.2/../../../../avr/lib/avr51/libm.a(cmpsf2.o)
 .bss           0x0000000000800140        0x0 /usr/lib/gcc/avr/4.9.2/../../../../avr/lib/avr51/libm.a(divsf3.o)
 .bss           0x0000000000800140        0x0 /usr/lib/gcc/avr/4.9.2/../../../../avr/lib/avr51/libm.a(divsf3x.o)
 .bss           0x0000000000800140        0x0 /usr/lib/gcc/avr/4.9.2/../../../../avr/lib/avr51/libm.a(fixunssfsi.o)
 .bss           0x0000000000800140        0x0 /usr/lib/gcc/avr/4.9.2/../../../../avr/lib/avr51/libm.a(floatsisf.o)
 .bss           0x0000000000800140        0x0 /usr/lib/gcc/avr/4.9.2/../../../../avr/lib/avr51/libm.a(fp_cmp.o)
 .bss           0x0000000000800140        0x0 /usr/lib/gcc/avr/4.9.2/../../../../avr/lib/avr51/libm.a(fp_inf.o)
 .bss           0x0000000000800140        0x0 /usr/lib/gcc/avr/4.9.2/../../../../avr/lib/avr51/libm.a(fp_nan.o)
 .bss           0x0000000000800140        0x0 /usr/lib/gcc/avr/4.9.2/../../../../avr/lib/avr51/libm.a(fp_pscA.o)
 .bss           0x0000000000800140        0x0 /usr/lib/gcc/avr/4.9.2/../../../../avr/lib/avr51/libm.a(fp_pscB.o)
 .bss           0x0000000000800140        0x0 /usr/lib/gcc/avr/4.9.2/../../../../avr/lib/avr51/libm.a(fp_round.o)
 .bss           0x0000000000800140        0x0 /usr/lib/gcc/avr/4.9.2/../../../../avr/lib/avr51/libm.a(fp_split3.o)
 .bss           0x0000000000800140        0x0 /usr/lib/gcc/avr/4.9.2/../../../../avr/lib/avr51/libm.a(fp_zero.o)
 .bss           0x0000000000800140        0x0 /usr/lib/gcc/avr/4.9.2/../../../../avr/lib/avr51/libm.a(mulsf3.o)
 .bss           0x0000000000800140        0x0 /usr/lib/gcc/avr/4.9.2/../../../../avr/lib/avr51/libm.a(mulsf3x.o)
 *(.bss*)
 .bss.gADCres   0x0000000000800140        0x2 ./myCode/adc.o
                0x0000000000800140                gADCres
 .bss.gOVLcomp  0x0000000000800142        0x2 ./myCode/timer.o
                0x0000000000800142                gOVLcomp
 .bss.gOcrHI    0x0000000000800144        0x1 ./myCode/timer.o
                0x0000000000800144                gOcrHI
 .bss.cntISRCalls.1582
                0x0000000000800145        0x2 ./myCode/timer.o
 .bss.idx.1583  0x0000000000800147        0x2 ./myCode/timer.o
 *(COMMON)
 COMMON         0x0000000000800149        0x4 ./myCode/timer.o
                0x0000000000800149                gData
                0x000000000080014d                PROVIDE (__bss_end, .)
                0x00000000000016c0                __data_load_start = LOADADDR (.data)
                0x0000000000001700                __data_load_end = (__data_load_start + SIZEOF (.data))

.noinit         0x000000000080014d        0x0
                0x000000000080014d                PROVIDE (__noinit_start, .)
 *(.noinit*)
                0x000000000080014d                PROVIDE (__noinit_end, .)
                0x000000000080014d                _end = .
                0x000000000080014d                PROVIDE (__heap_start, .)

.eeprom         0x0000000000810000        0x0
 *(.eeprom*)
                0x0000000000810000                __eeprom_end = .

.fuse
 *(.fuse)
 *(.lfuse)
 *(.hfuse)
 *(.efuse)

.lock
 *(.lock*)

.signature
 *(.signature*)

.stab           0x0000000000000000     0x282c
 *(.stab)
 .stab          0x0000000000000000      0x87c ./myCode/USART1.o
 .stab          0x000000000000087c      0x8f4 ./myCode/adc.o
                                        0xabc (size before relaxing)
 .stab          0x0000000000001170      0x7d4 ./myCode/main.o
                                        0x9d8 (size before relaxing)
 .stab          0x0000000000001944      0x714 ./myCode/seg7.o
                                        0x918 (size before relaxing)
 .stab          0x0000000000002058      0x7d4 ./myCode/timer.o
                                        0xa14 (size before relaxing)

.stabstr        0x0000000000000000     0x1ba1
 *(.stabstr)
 .stabstr       0x0000000000000000     0x1ba1 ./myCode/USART1.o

.stab.excl
 *(.stab.excl)

.stab.exclstr
 *(.stab.exclstr)

.stab.index
 *(.stab.index)

.stab.indexstr
 *(.stab.indexstr)

.comment        0x0000000000000000       0x27
 *(.comment)
 .comment       0x0000000000000000       0x27 ./myCode/USART1.o
                                         0x28 (size before relaxing)
 .comment       0x0000000000000027       0x28 ./myCode/adc.o
 .comment       0x0000000000000027       0x28 ./myCode/main.o
 .comment       0x0000000000000027       0x28 ./myCode/seg7.o
 .comment       0x0000000000000027       0x28 ./myCode/timer.o

.note.gnu.build-id
 *(.note.gnu.build-id)

.debug
 *(.debug)

.line
 *(.line)

.debug_srcinfo
 *(.debug_srcinfo)

.debug_sfnames
 *(.debug_sfnames)

.debug_aranges
 *(.debug_aranges)

.debug_pubnames
 *(.debug_pubnames)

.debug_info     0x0000000000000000      0x780
 *(.debug_info .gnu.linkonce.wi.*)
 .debug_info    0x0000000000000000      0x780 /usr/lib/gcc/avr/4.9.2/../../../../avr/lib/avr51/crtm128.o

.debug_abbrev   0x0000000000000000      0x718
 *(.debug_abbrev)
 .debug_abbrev  0x0000000000000000      0x718 /usr/lib/gcc/avr/4.9.2/../../../../avr/lib/avr51/crtm128.o

.debug_line     0x0000000000000000       0x1d
 *(.debug_line .debug_line.* .debug_line_end)
 .debug_line    0x0000000000000000       0x1d /usr/lib/gcc/avr/4.9.2/../../../../avr/lib/avr51/crtm128.o

.debug_frame
 *(.debug_frame)

.debug_str      0x0000000000000000      0x27d
 *(.debug_str)
 .debug_str     0x0000000000000000      0x27d /usr/lib/gcc/avr/4.9.2/../../../../avr/lib/avr51/crtm128.o

.debug_loc
 *(.debug_loc)

.debug_macinfo
 *(.debug_macinfo)

.debug_weaknames
 *(.debug_weaknames)

.debug_funcnames
 *(.debug_funcnames)

.debug_typenames
 *(.debug_typenames)

.debug_varnames
 *(.debug_varnames)

.debug_pubtypes
 *(.debug_pubtypes)

.debug_ranges
 *(.debug_ranges)

.debug_macro
 *(.debug_macro)
OUTPUT(Versuch5_Vorbereitung.elf elf32-avr)
LOAD linker stubs
